// Jest Snapshot v1, https://goo.gl/fbAQLP

exports[`login component tests renders correctly 1`] = `
<div>
  <div
    class="makeStyles-paper-1"
    data-testid="login"
  >
    <h1
      class="MuiTypography-root MuiTypography-h5"
    >
      Filtros
    </h1>
    <form
      class="makeStyles-form-2"
      novalidate=""
    >
      <div
        class="MuiFormControl-root MuiTextField-root MuiFormControl-marginNormal MuiFormControl-fullWidth"
      >
        <label
          class="MuiFormLabel-root MuiInputLabel-root MuiInputLabel-formControl MuiInputLabel-animated MuiInputLabel-shrink MuiInputLabel-outlined Mui-focused Mui-focused Mui-required Mui-required"
          data-shrink="true"
          for="project_type"
          id="project_type-label"
        >
          tipo de proyecto
          <span
            aria-hidden="true"
            class="MuiFormLabel-asterisk MuiInputLabel-asterisk"
          >
             
            *
          </span>
        </label>
        <div
          class="MuiInputBase-root MuiOutlinedInput-root MuiInputBase-fullWidth Mui-focused Mui-focused MuiInputBase-formControl"
        >
          <input
            aria-invalid="false"
            autocomplete="project_type"
            class="MuiInputBase-input MuiOutlinedInput-input"
            id="project_type"
            name="project_type"
            required=""
            type="text"
            value=""
          />
          <fieldset
            aria-hidden="true"
            class="PrivateNotchedOutline-root-4 MuiOutlinedInput-notchedOutline"
          >
            <legend
              class="PrivateNotchedOutline-legendLabelled-6 PrivateNotchedOutline-legendNotched-7"
            >
              <span>
                tipo de proyecto
                 *
              </span>
            </legend>
          </fieldset>
        </div>
      </div>
      <button
        class="MuiButtonBase-root MuiButton-root MuiButton-contained makeStyles-submit-3 MuiButton-containedPrimary MuiButton-fullWidth"
        role="submit"
        tabindex="0"
        type="submit"
      >
        <span
          class="MuiButton-label"
        >
          Filtrar  
          <svg
            aria-hidden="true"
            class="MuiSvgIcon-root MuiSvgIcon-fontSizeMedium css-i4bv87-MuiSvgIcon-root"
            data-testid="FilterAltIcon"
            focusable="false"
            viewBox="0 0 24 24"
          >
            <path
              d="M4.25 5.61C6.27 8.2 10 13 10 13v6c0 .55.45 1 1 1h2c.55 0 1-.45 1-1v-6s3.72-4.8 5.74-7.39c.51-.66.04-1.61-.79-1.61H5.04c-.83 0-1.3.95-.79 1.61z"
            />
          </svg>
        </span>
        <span
          class="MuiTouchRipple-root"
        />
      </button>
      <div
        class="MuiBox-root MuiBox-root-8"
      />
    </form>
  </div>
</div>
`;
