// Jest Snapshot v1, https://goo.gl/fbAQLP

exports[`project list component tests renders correct data 1`] = `
<div>
  <div
    style="position: fixed; top: 15%; left: 5%; height: 75%; width: 90%;"
  >
    <div
      aria-colcount="7"
      aria-multiselectable="false"
      aria-rowcount="0"
      class="MuiDataGrid-root MuiDataGrid-root"
      role="grid"
    >
      <div>
        <div />
      </div>
      <div
        class="MuiDataGrid-main"
      >
        <div
          class="MuiDataGrid-overlay"
          style="top: 56px;"
        >
          No rows
        </div>
        <div
          class="MuiDataGrid-columnsContainer"
          style="min-height: 56px; max-height: 56px; line-height: 56px;"
        >
          <div
            aria-rowindex="1"
            class="MuiDataGrid-columnHeaderWrapper scroll"
            role="row"
            style="transform: translate3d(-0px, 0, 0); min-width: 400px;"
          >
            <div
              aria-colindex="1"
              aria-sort="ascending"
              class="MuiDataGrid-columnHeader--sortable MuiDataGrid-columnHeader--sorted MuiDataGrid-columnHeader"
              data-field="id"
              role="columnheader"
              style="width: 100px; min-width: 100px; max-width: 100px;"
              tabindex="0"
            >
              <div
                class="MuiDataGrid-columnHeaderDraggableContainer"
                draggable="false"
              >
                <div
                  class="MuiDataGrid-columnHeaderTitleContainer"
                >
                  <div
                    class="MuiDataGrid-columnHeaderTitle"
                    title=""
                  >
                    ID
                  </div>
                  <div
                    class="MuiDataGrid-iconButtonContainer"
                  >
                    <button
                      aria-label="Sort"
                      class="MuiButtonBase-root MuiIconButton-root MuiIconButton-sizeSmall"
                      tabindex="-1"
                      title="Sort"
                      type="button"
                    >
                      <span
                        class="MuiIconButton-label"
                      >
                        <svg
                          aria-hidden="true"
                          class="MuiSvgIcon-root MuiDataGrid-sortIcon MuiSvgIcon-fontSizeSmall"
                          focusable="false"
                          viewBox="0 0 24 24"
                        >
                          <path
                            d="M4 12l1.41 1.41L11 7.83V20h2V7.83l5.58 5.59L20 12l-8-8-8 8z"
                          />
                        </svg>
                      </span>
                      <span
                        class="MuiTouchRipple-root"
                      />
                    </button>
                  </div>
                </div>
                <div
                  class="MuiDataGrid-menuIcon"
                >
                  <button
                    aria-controls="mui-7389"
                    aria-haspopup="true"
                    aria-label="Menu"
                    class="MuiButtonBase-root MuiIconButton-root MuiDataGrid-menuIconButton MuiIconButton-sizeSmall"
                    id="mui-40246"
                    tabindex="-1"
                    title="Menu"
                    type="button"
                  >
                    <span
                      class="MuiIconButton-label"
                    >
                      <svg
                        aria-hidden="true"
                        class="MuiSvgIcon-root MuiSvgIcon-fontSizeSmall"
                        focusable="false"
                        viewBox="0 0 24 24"
                      >
                        <path
                          d="M12 8c1.1 0 2-.9 2-2s-.9-2-2-2-2 .9-2 2 .9 2 2 2zm0 2c-1.1 0-2 .9-2 2s.9 2 2 2 2-.9 2-2-.9-2-2-2zm0 6c-1.1 0-2 .9-2 2s.9 2 2 2 2-.9 2-2-.9-2-2-2z"
                        />
                      </svg>
                    </span>
                    <span
                      class="MuiTouchRipple-root"
                    />
                  </button>
                </div>
              </div>
              <div
                class="MuiDataGrid-columnSeparator"
                style="min-height: 56px; opacity: 1;"
              >
                <svg
                  aria-hidden="true"
                  class="MuiSvgIcon-root MuiDataGrid-iconSeparator"
                  focusable="false"
                  viewBox="0 0 24 24"
                >
                  <path
                    d="M11 19V5h2v14z"
                  />
                </svg>
              </div>
            </div>
            <div
              aria-colindex="2"
              class="MuiDataGrid-columnHeader--sortable MuiDataGrid-columnHeader"
              data-field="name"
              role="columnheader"
              style="width: 50px; min-width: 50px; max-width: 50px;"
              tabindex="-1"
            >
              <div
                class="MuiDataGrid-columnHeaderDraggableContainer"
                draggable="false"
              >
                <div
                  class="MuiDataGrid-columnHeaderTitleContainer"
                >
                  <div
                    class="MuiDataGrid-columnHeaderTitle"
                    title=""
                  >
                    Nombre
                  </div>
                  <div
                    class="MuiDataGrid-iconButtonContainer"
                  >
                    <button
                      aria-label="Sort"
                      class="MuiButtonBase-root MuiIconButton-root MuiIconButton-sizeSmall"
                      tabindex="-1"
                      title="Sort"
                      type="button"
                    >
                      <span
                        class="MuiIconButton-label"
                      >
                        <svg
                          aria-hidden="true"
                          class="MuiSvgIcon-root MuiDataGrid-sortIcon MuiSvgIcon-fontSizeSmall"
                          focusable="false"
                          viewBox="0 0 24 24"
                        >
                          <path
                            d="M4 12l1.41 1.41L11 7.83V20h2V7.83l5.58 5.59L20 12l-8-8-8 8z"
                          />
                        </svg>
                      </span>
                      <span
                        class="MuiTouchRipple-root"
                      />
                    </button>
                  </div>
                </div>
                <div
                  class="MuiDataGrid-menuIcon"
                >
                  <button
                    aria-controls="mui-40216"
                    aria-haspopup="true"
                    aria-label="Menu"
                    class="MuiButtonBase-root MuiIconButton-root MuiDataGrid-menuIconButton MuiIconButton-sizeSmall"
                    id="mui-80500"
                    tabindex="-1"
                    title="Menu"
                    type="button"
                  >
                    <span
                      class="MuiIconButton-label"
                    >
                      <svg
                        aria-hidden="true"
                        class="MuiSvgIcon-root MuiSvgIcon-fontSizeSmall"
                        focusable="false"
                        viewBox="0 0 24 24"
                      >
                        <path
                          d="M12 8c1.1 0 2-.9 2-2s-.9-2-2-2-2 .9-2 2 .9 2 2 2zm0 2c-1.1 0-2 .9-2 2s.9 2 2 2 2-.9 2-2-.9-2-2-2zm0 6c-1.1 0-2 .9-2 2s.9 2 2 2 2-.9 2-2-.9-2-2-2z"
                        />
                      </svg>
                    </span>
                    <span
                      class="MuiTouchRipple-root"
                    />
                  </button>
                </div>
              </div>
              <div
                class="MuiDataGrid-columnSeparator"
                style="min-height: 56px; opacity: 1;"
              >
                <svg
                  aria-hidden="true"
                  class="MuiSvgIcon-root MuiDataGrid-iconSeparator"
                  focusable="false"
                  viewBox="0 0 24 24"
                >
                  <path
                    d="M11 19V5h2v14z"
                  />
                </svg>
              </div>
            </div>
            <div
              aria-colindex="3"
              class="MuiDataGrid-columnHeader--sortable MuiDataGrid-columnHeader"
              data-field="project_type"
              role="columnheader"
              style="width: 50px; min-width: 50px; max-width: 50px;"
              tabindex="-1"
            >
              <div
                class="MuiDataGrid-columnHeaderDraggableContainer"
                draggable="false"
              >
                <div
                  class="MuiDataGrid-columnHeaderTitleContainer"
                >
                  <div
                    class="MuiDataGrid-columnHeaderTitle"
                    title=""
                  >
                    Tipo
                  </div>
                  <div
                    class="MuiDataGrid-iconButtonContainer"
                  >
                    <button
                      aria-label="Sort"
                      class="MuiButtonBase-root MuiIconButton-root MuiIconButton-sizeSmall"
                      tabindex="-1"
                      title="Sort"
                      type="button"
                    >
                      <span
                        class="MuiIconButton-label"
                      >
                        <svg
                          aria-hidden="true"
                          class="MuiSvgIcon-root MuiDataGrid-sortIcon MuiSvgIcon-fontSizeSmall"
                          focusable="false"
                          viewBox="0 0 24 24"
                        >
                          <path
                            d="M4 12l1.41 1.41L11 7.83V20h2V7.83l5.58 5.59L20 12l-8-8-8 8z"
                          />
                        </svg>
                      </span>
                      <span
                        class="MuiTouchRipple-root"
                      />
                    </button>
                  </div>
                </div>
                <div
                  class="MuiDataGrid-menuIcon"
                >
                  <button
                    aria-controls="mui-14882"
                    aria-haspopup="true"
                    aria-label="Menu"
                    class="MuiButtonBase-root MuiIconButton-root MuiDataGrid-menuIconButton MuiIconButton-sizeSmall"
                    id="mui-9443"
                    tabindex="-1"
                    title="Menu"
                    type="button"
                  >
                    <span
                      class="MuiIconButton-label"
                    >
                      <svg
                        aria-hidden="true"
                        class="MuiSvgIcon-root MuiSvgIcon-fontSizeSmall"
                        focusable="false"
                        viewBox="0 0 24 24"
                      >
                        <path
                          d="M12 8c1.1 0 2-.9 2-2s-.9-2-2-2-2 .9-2 2 .9 2 2 2zm0 2c-1.1 0-2 .9-2 2s.9 2 2 2 2-.9 2-2-.9-2-2-2zm0 6c-1.1 0-2 .9-2 2s.9 2 2 2 2-.9 2-2-.9-2-2-2z"
                        />
                      </svg>
                    </span>
                    <span
                      class="MuiTouchRipple-root"
                    />
                  </button>
                </div>
              </div>
              <div
                class="MuiDataGrid-columnSeparator"
                style="min-height: 56px; opacity: 1;"
              >
                <svg
                  aria-hidden="true"
                  class="MuiSvgIcon-root MuiDataGrid-iconSeparator"
                  focusable="false"
                  viewBox="0 0 24 24"
                >
                  <path
                    d="M11 19V5h2v14z"
                  />
                </svg>
              </div>
            </div>
            <div
              class="MuiDataGrid-cell"
              style="min-width: 200px; max-width: 200px; line-height: 55px; min-height: 56px; max-height: 56px;"
            />
          </div>
        </div>
        <div
          style="overflow: visible; height: 0px; width: 0px;"
        >
          <div
            class="MuiDataGrid-windowContainer"
            style="width: 0px; height: 0px;"
          >
            <div
              class="MuiDataGrid-window"
              style="top: 56px; overflow-y: auto;"
            >
              <div
                class="MuiDataGrid-dataContainer"
                style="min-width: 400px; min-height: 1px;"
              >
                <div
                  class="MuiDataGrid-viewport"
                  style="min-width: 0; max-width: 0; max-height: 0;"
                >
                  <div
                    class="MuiDataGrid-renderingZone"
                    style="max-height: 1px; width: 400px; transform: translate3d(-0px, -0px, 0);"
                  />
                </div>
              </div>
            </div>
          </div>
        </div>
        <div
          class="Mui-resizeTriggers"
        >
          <div
            class="expand-trigger"
          >
            <div
              style="width: 1px; height: 1px;"
            />
          </div>
          <div
            class="contract-trigger"
          />
        </div>
      </div>
      <div>
        <div
          class="MuiDataGrid-footerContainer"
        >
          <div />
          <div
            class="MuiTablePagination-root"
          >
            <div
              class="MuiToolbar-root MuiToolbar-regular MuiTablePagination-toolbar MuiToolbar-gutters"
            >
              <div
                class="MuiTablePagination-spacer"
              />
              <p
                class="MuiTypography-root MuiTablePagination-caption makeStyles-caption-4 MuiTypography-body2 MuiTypography-colorInherit"
                id="mui-47496"
              >
                Rows per page:
              </p>
              <div
                class="MuiInputBase-root MuiTablePagination-input makeStyles-input-5 MuiTablePagination-selectRoot"
              >
                <div
                  aria-haspopup="listbox"
                  aria-labelledby="mui-47496 mui-20039"
                  class="MuiSelect-root MuiSelect-select MuiTablePagination-select MuiSelect-selectMenu MuiInputBase-input"
                  id="mui-20039"
                  role="button"
                  tabindex="0"
                >
                  100
                </div>
                <input
                  aria-hidden="true"
                  class="MuiSelect-nativeInput"
                  tabindex="-1"
                  value="100"
                />
                <svg
                  aria-hidden="true"
                  class="MuiSvgIcon-root MuiSelect-icon MuiTablePagination-selectIcon"
                  focusable="false"
                  viewBox="0 0 24 24"
                >
                  <path
                    d="M7 10l5 5 5-5z"
                  />
                </svg>
              </div>
              <p
                class="MuiTypography-root MuiTablePagination-caption makeStyles-caption-4 MuiTypography-body2 MuiTypography-colorInherit"
              >
                0-0 of 0
              </p>
              <div
                class="MuiTablePagination-actions"
              >
                <button
                  aria-label="Previous page"
                  class="MuiButtonBase-root MuiIconButton-root MuiIconButton-colorInherit Mui-disabled Mui-disabled"
                  disabled=""
                  tabindex="-1"
                  title="Previous page"
                  type="button"
                >
                  <span
                    class="MuiIconButton-label"
                  >
                    <svg
                      aria-hidden="true"
                      class="MuiSvgIcon-root"
                      focusable="false"
                      viewBox="0 0 24 24"
                    >
                      <path
                        d="M15.41 16.09l-4.58-4.59 4.58-4.59L14 5.5l-6 6 6 6z"
                      />
                    </svg>
                  </span>
                </button>
                <button
                  aria-label="Next page"
                  class="MuiButtonBase-root MuiIconButton-root MuiIconButton-colorInherit Mui-disabled Mui-disabled"
                  disabled=""
                  tabindex="-1"
                  title="Next page"
                  type="button"
                >
                  <span
                    class="MuiIconButton-label"
                  >
                    <svg
                      aria-hidden="true"
                      class="MuiSvgIcon-root"
                      focusable="false"
                      viewBox="0 0 24 24"
                    >
                      <path
                        d="M8.59 16.34l4.58-4.59-4.58-4.59L10 5.75l6 6-6 6z"
                      />
                    </svg>
                  </span>
                </button>
              </div>
            </div>
          </div>
        </div>
      </div>
    </div>
    <div
      style="margin: 10px;"
    />
    <button
      class="MuiButtonBase-root MuiButton-root MuiButton-contained MuiButton-containedPrimary"
      tabindex="0"
      type="button"
    >
      <span
        class="MuiButton-label"
      >
        Agregar Proyecto
      </span>
      <span
        class="MuiTouchRipple-root"
      />
    </button>
  </div>
</div>
`;
