// Jest Snapshot v1, https://goo.gl/fbAQLP

exports[`person timeline component tests renders correct data 1`] = `
<div>
  <div />
</div>
`;
