// Jest Snapshot v1, https://goo.gl/fbAQLP

exports[`person timeline component tests renders correct data 1`] = `
<div>
  <div>
    <div
      class="react-calendar-timeline "
    >
      <div
        class="rct-header-root"
        style="display: flex; width: 100%;"
      >
        <div
          style="width: 150px;"
        />
        <div
          class="rct-calendar-header"
          style="overflow: hidden; width: calc(100% - 150px);"
        >
          <div
            style="height: 30px; position: relative; width: -450px;"
          >
            <div
              class="rct-dateHeader rct-dateHeader-primary"
              style="left: 40200px; width: -54750px; position: absolute;"
            >
              <span>
                21
              </span>
            </div>
          </div>
          <div
            style="height: 30px; position: relative; width: -450px;"
          >
            <div
              class="rct-dateHeader "
              style="left: 40200px; width: -54750px; position: absolute;"
            >
              <span>
                21
              </span>
            </div>
          </div>
        </div>
      </div>
      <div
        class="rct-outer"
        style="height: 900px;"
      >
        <div
          class="rct-sidebar"
          style="width: 150px; height: 900px;"
        >
          <div
            style="width: 150px;"
          >
            <div
              class="rct-sidebar-row rct-sidebar-row-even"
              style="height: 30px; line-height: 30px;"
            >
              Nombre 0
            </div>
            <div
              class="rct-sidebar-row rct-sidebar-row-odd"
              style="height: 30px; line-height: 30px;"
            >
              Nombre 1
            </div>
            <div
              class="rct-sidebar-row rct-sidebar-row-even"
              style="height: 30px; line-height: 30px;"
            >
              Nombre 2
            </div>
            <div
              class="rct-sidebar-row rct-sidebar-row-odd"
              style="height: 30px; line-height: 30px;"
            >
              Nombre 3
            </div>
            <div
              class="rct-sidebar-row rct-sidebar-row-even"
              style="height: 30px; line-height: 30px;"
            >
              Nombre 4
            </div>
            <div
              class="rct-sidebar-row rct-sidebar-row-odd"
              style="height: 30px; line-height: 30px;"
            >
              Nombre 5
            </div>
            <div
              class="rct-sidebar-row rct-sidebar-row-even"
              style="height: 30px; line-height: 30px;"
            >
              Nombre 6
            </div>
            <div
              class="rct-sidebar-row rct-sidebar-row-odd"
              style="height: 30px; line-height: 30px;"
            >
              Nombre 7
            </div>
            <div
              class="rct-sidebar-row rct-sidebar-row-even"
              style="height: 30px; line-height: 30px;"
            >
              Nombre 8
            </div>
            <div
              class="rct-sidebar-row rct-sidebar-row-odd"
              style="height: 30px; line-height: 30px;"
            >
              Nombre 9
            </div>
            <div
              class="rct-sidebar-row rct-sidebar-row-even"
              style="height: 30px; line-height: 30px;"
            >
              Nombre 10
            </div>
            <div
              class="rct-sidebar-row rct-sidebar-row-odd"
              style="height: 30px; line-height: 30px;"
            >
              Nombre 11
            </div>
            <div
              class="rct-sidebar-row rct-sidebar-row-even"
              style="height: 30px; line-height: 30px;"
            >
              Nombre 12
            </div>
            <div
              class="rct-sidebar-row rct-sidebar-row-odd"
              style="height: 30px; line-height: 30px;"
            >
              Nombre 13
            </div>
            <div
              class="rct-sidebar-row rct-sidebar-row-even"
              style="height: 30px; line-height: 30px;"
            >
              Nombre 14
            </div>
            <div
              class="rct-sidebar-row rct-sidebar-row-odd"
              style="height: 30px; line-height: 30px;"
            >
              Nombre 15
            </div>
            <div
              class="rct-sidebar-row rct-sidebar-row-even"
              style="height: 30px; line-height: 30px;"
            >
              Nombre 16
            </div>
            <div
              class="rct-sidebar-row rct-sidebar-row-odd"
              style="height: 30px; line-height: 30px;"
            >
              Nombre 17
            </div>
            <div
              class="rct-sidebar-row rct-sidebar-row-even"
              style="height: 30px; line-height: 30px;"
            >
              Nombre 18
            </div>
            <div
              class="rct-sidebar-row rct-sidebar-row-odd"
              style="height: 30px; line-height: 30px;"
            >
              Nombre 19
            </div>
            <div
              class="rct-sidebar-row rct-sidebar-row-even"
              style="height: 30px; line-height: 30px;"
            >
              Nombre 20
            </div>
            <div
              class="rct-sidebar-row rct-sidebar-row-odd"
              style="height: 30px; line-height: 30px;"
            >
              Nombre 21
            </div>
            <div
              class="rct-sidebar-row rct-sidebar-row-even"
              style="height: 30px; line-height: 30px;"
            >
              Nombre 22
            </div>
            <div
              class="rct-sidebar-row rct-sidebar-row-odd"
              style="height: 30px; line-height: 30px;"
            >
              Nombre 23
            </div>
            <div
              class="rct-sidebar-row rct-sidebar-row-even"
              style="height: 30px; line-height: 30px;"
            >
              Nombre 24
            </div>
            <div
              class="rct-sidebar-row rct-sidebar-row-odd"
              style="height: 30px; line-height: 30px;"
            >
              Nombre 25
            </div>
            <div
              class="rct-sidebar-row rct-sidebar-row-even"
              style="height: 30px; line-height: 30px;"
            >
              Nombre 26
            </div>
            <div
              class="rct-sidebar-row rct-sidebar-row-odd"
              style="height: 30px; line-height: 30px;"
            >
              Nombre 27
            </div>
            <div
              class="rct-sidebar-row rct-sidebar-row-even"
              style="height: 30px; line-height: 30px;"
            >
              Nombre 28
            </div>
            <div
              class="rct-sidebar-row rct-sidebar-row-odd"
              style="height: 30px; line-height: 30px;"
            >
              Nombre 29
            </div>
          </div>
        </div>
        <div
          class="rct-scroll"
          style="width: -150px; height: 920px; cursor: default; position: relative;"
        >
          <div
            style="position: absolute; left: 0px; right: 0px; top: 0px; bottom: 0px;"
          >
            <div
              class="rct-vertical-lines"
            >
              <div
                class="rct-vl"
                style="pointer-events: none; top: 0px; left: 40200px; width: -54750px; height: 900px;"
              />
            </div>
            <div
              class="rct-horizontal-lines"
            >
              <div
                class="rct-hl-even "
                style="width: -450px; height: 30px;"
              />
              <div
                class="rct-hl-odd "
                style="width: -450px; height: 30px;"
              />
              <div
                class="rct-hl-even "
                style="width: -450px; height: 30px;"
              />
              <div
                class="rct-hl-odd "
                style="width: -450px; height: 30px;"
              />
              <div
                class="rct-hl-even "
                style="width: -450px; height: 30px;"
              />
              <div
                class="rct-hl-odd "
                style="width: -450px; height: 30px;"
              />
              <div
                class="rct-hl-even "
                style="width: -450px; height: 30px;"
              />
              <div
                class="rct-hl-odd "
                style="width: -450px; height: 30px;"
              />
              <div
                class="rct-hl-even "
                style="width: -450px; height: 30px;"
              />
              <div
                class="rct-hl-odd "
                style="width: -450px; height: 30px;"
              />
              <div
                class="rct-hl-even "
                style="width: -450px; height: 30px;"
              />
              <div
                class="rct-hl-odd "
                style="width: -450px; height: 30px;"
              />
              <div
                class="rct-hl-even "
                style="width: -450px; height: 30px;"
              />
              <div
                class="rct-hl-odd "
                style="width: -450px; height: 30px;"
              />
              <div
                class="rct-hl-even "
                style="width: -450px; height: 30px;"
              />
              <div
                class="rct-hl-odd "
                style="width: -450px; height: 30px;"
              />
              <div
                class="rct-hl-even "
                style="width: -450px; height: 30px;"
              />
              <div
                class="rct-hl-odd "
                style="width: -450px; height: 30px;"
              />
              <div
                class="rct-hl-even "
                style="width: -450px; height: 30px;"
              />
              <div
                class="rct-hl-odd "
                style="width: -450px; height: 30px;"
              />
              <div
                class="rct-hl-even "
                style="width: -450px; height: 30px;"
              />
              <div
                class="rct-hl-odd "
                style="width: -450px; height: 30px;"
              />
              <div
                class="rct-hl-even "
                style="width: -450px; height: 30px;"
              />
              <div
                class="rct-hl-odd "
                style="width: -450px; height: 30px;"
              />
              <div
                class="rct-hl-even "
                style="width: -450px; height: 30px;"
              />
              <div
                class="rct-hl-odd "
                style="width: -450px; height: 30px;"
              />
              <div
                class="rct-hl-even "
                style="width: -450px; height: 30px;"
              />
              <div
                class="rct-hl-odd "
                style="width: -450px; height: 30px;"
              />
              <div
                class="rct-hl-even "
                style="width: -450px; height: 30px;"
              />
              <div
                class="rct-hl-odd "
                style="width: -450px; height: 30px;"
              />
            </div>
            <div
              class="rct-items"
            />
          </div>
        </div>
      </div>
    </div>
  </div>
</div>
`;
